{"ts": "2026-05-11 14:21:48,816", "level": "INFO", "module": "alphaTrade.main", "message": "Metrics server listening on :9090"}
{"ts": "2026-05-11 14:21:48,875", "level": "INFO", "module": "alembic.runtime.plugins", "message": "setup plugin alembic.autogenerate.schemas"}
{"ts": "2026-05-11 14:21:48,875", "level": "INFO", "module": "alembic.runtime.plugins", "message": "setup plugin alembic.autogenerate.tables"}
{"ts": "2026-05-11 14:21:48,875", "level": "INFO", "module": "alembic.runtime.plugins", "message": "setup plugin alembic.autogenerate.types"}
{"ts": "2026-05-11 14:21:48,875", "level": "INFO", "module": "alembic.runtime.plugins", "message": "setup plugin alembic.autogenerate.constraints"}
{"ts": "2026-05-11 14:21:48,875", "level": "INFO", "module": "alembic.runtime.plugins", "message": "setup plugin alembic.autogenerate.defaults"}
{"ts": "2026-05-11 14:21:48,875", "level": "INFO", "module": "alembic.runtime.plugins", "message": "setup plugin alembic.autogenerate.comments"}
{"ts": "2026-05-11 14:21:48,950", "level": "INFO", "module": "alphaTrade.main", "message": "Metrics server listening on :9090"}
{"ts": "2026-05-11 14:23:17,400", "level": "INFO", "module": "alphaTrade.main", "message": "Metrics server listening on :9090"}
{"ts": "2026-05-11 14:23:17,458", "level": "INFO", "module": "alembic.runtime.plugins", "message": "setup plugin alembic.autogenerate.schemas"}
{"ts": "2026-05-11 14:23:17,458", "level": "INFO", "module": "alembic.runtime.plugins", "message": "setup plugin alembic.autogenerate.tables"}
{"ts": "2026-05-11 14:23:17,458", "level": "INFO", "module": "alembic.runtime.plugins", "message": "setup plugin alembic.autogenerate.types"}
{"ts": "2026-05-11 14:23:17,458", "level": "INFO", "module": "alembic.runtime.plugins", "message": "setup plugin alembic.autogenerate.constraints"}
{"ts": "2026-05-11 14:23:17,458", "level": "INFO", "module": "alembic.runtime.plugins", "message": "setup plugin alembic.autogenerate.defaults"}
{"ts": "2026-05-11 14:23:17,458", "level": "INFO", "module": "alembic.runtime.plugins", "message": "setup plugin alembic.autogenerate.comments"}
{"ts": "2026-05-11 14:23:17,532", "level": "INFO", "module": "alphaTrade.main", "message": "Metrics server listening on :9090"}
{"ts": "2026-05-11 14:23:17,534", "level": "INFO", "module": "alphaTrade.main", "message": "Scheduler running. Intervals: []"}
{"ts": "2026-05-11 14:23:17,534", "level": "INFO", "module": "alphaTrade.main", "message": "Graceful shutdown complete."}
{"ts": "2026-05-11 14:23:17,541", "level": "INFO", "module": "alphaTrade.main", "message": "Metrics server listening on :9090"}
{"ts": "2026-05-11 14:23:17,543", "level": "INFO", "module": "alphaTrade.main", "message": "Scheduler running. Intervals: []"}
{"ts": "2026-05-11 14:23:17,544", "level": "INFO", "module": "alphaTrade.main", "message": "Graceful shutdown complete."}
{"ts": "2026-05-11 14:23:17,548", "level": "INFO", "module": "alphaTrade.main", "message": "Metrics server listening on :9090"}
{"ts": "2026-05-11 14:23:17,550", "level": "INFO", "module": "alphaTrade.main", "message": "Scheduler running. Intervals: []"}
{"ts": "2026-05-11 14:23:17,550", "level": "INFO", "module": "alphaTrade.main", "message": "Graceful shutdown complete."}
{"ts": "2026-05-11 14:24:30,447", "level": "INFO", "module": "alphaTrade.main", "message": "Metrics server listening on :9090"}
{"ts": "2026-05-11 14:24:30,449", "level": "INFO", "module": "alphaTrade.main", "message": "Reconcile: removing stale position AAPL_US_EQ (not in T212 portfolio)"}
{"ts": "2026-05-11 14:24:30,454", "level": "INFO", "module": "alphaTrade.main", "message": "Scheduler running. Intervals: []"}
{"ts": "2026-05-11 14:24:30,455", "level": "INFO", "module": "alphaTrade.main", "message": "Graceful shutdown complete."}
{"ts": "2026-05-11 14:24:30,463", "level": "INFO", "module": "alphaTrade.main", "message": "Metrics server listening on :9090"}
{"ts": "2026-05-11 14:24:30,465", "level": "INFO", "module": "alphaTrade.main", "message": "Scheduler running. Intervals: []"}
{"ts": "2026-05-11 14:24:30,465", "level": "INFO", "module": "alphaTrade.main", "message": "Graceful shutdown complete."}
{"ts": "2026-05-11 14:24:30,471", "level": "INFO", "module": "alphaTrade.main", "message": "Metrics server listening on :9090"}
{"ts": "2026-05-11 14:24:30,473", "level": "INFO", "module": "alphaTrade.main", "message": "Scheduler running. Intervals: []"}
{"ts": "2026-05-11 14:24:30,474", "level": "INFO", "module": "alphaTrade.main", "message": "Graceful shutdown complete."}
{"ts": "2026-05-11 14:24:30,478", "level": "INFO", "module": "alphaTrade.main", "message": "Metrics server listening on :9090"}
{"ts": "2026-05-11 14:24:30,480", "level": "INFO", "module": "alphaTrade.main", "message": "Scheduler running. Intervals: []"}
{"ts": "2026-05-11 14:24:30,480", "level": "INFO", "module": "alphaTrade.main", "message": "Graceful shutdown complete."}
{"ts": "2026-05-14 17:05:06,599", "level": "INFO", "module": "alphaTrade.main", "message": "Metrics server listening on :9090"}
{"ts": "2026-05-14 17:05:06,601", "level": "INFO", "module": "alphaTrade.main", "message": "Reconcile: removing stale position AAPL_US_EQ (not in T212 portfolio)"}
{"ts": "2026-05-14 17:05:06,606", "level": "INFO", "module": "alphaTrade.main", "message": "Scheduler running. Intervals: []"}
{"ts": "2026-05-14 17:05:06,606", "level": "INFO", "module": "alphaTrade.main", "message": "Graceful shutdown complete."}
{"ts": "2026-05-14 17:05:06,612", "level": "INFO", "module": "alphaTrade.main", "message": "Metrics server listening on :9090"}
{"ts": "2026-05-14 17:05:06,614", "level": "INFO", "module": "alphaTrade.main", "message": "Scheduler running. Intervals: []"}
{"ts": "2026-05-14 17:05:06,615", "level": "INFO", "module": "alphaTrade.main", "message": "Graceful shutdown complete."}
{"ts": "2026-05-14 17:05:06,622", "level": "INFO", "module": "alphaTrade.main", "message": "Metrics server listening on :9090"}
{"ts": "2026-05-14 17:05:06,624", "level": "INFO", "module": "alphaTrade.main", "message": "Scheduler running. Intervals: []"}
{"ts": "2026-05-14 17:05:06,624", "level": "INFO", "module": "alphaTrade.main", "message": "Graceful shutdown complete."}
{"ts": "2026-05-14 17:05:06,628", "level": "INFO", "module": "alphaTrade.main", "message": "Metrics server listening on :9090"}
{"ts": "2026-05-14 17:05:06,629", "level": "INFO", "module": "alphaTrade.main", "message": "Scheduler running. Intervals: []"}
{"ts": "2026-05-14 17:05:06,630", "level": "INFO", "module": "alphaTrade.main", "message": "Graceful shutdown complete."}
{"ts": "2026-05-14 17:06:35,686", "level": "INFO", "module": "alphaTrade.main", "message": "Metrics server listening on :9090"}
{"ts": "2026-05-14 17:06:35,688", "level": "INFO", "module": "alphaTrade.main", "message": "Reconcile: removing stale position AAPL_US_EQ (not in T212 portfolio)"}
{"ts": "2026-05-14 17:06:35,694", "level": "INFO", "module": "alphaTrade.main", "message": "Scheduler running. Intervals: []"}
{"ts": "2026-05-14 17:06:35,695", "level": "INFO", "module": "alphaTrade.main", "message": "Graceful shutdown complete."}
{"ts": "2026-05-14 17:06:35,701", "level": "INFO", "module": "alphaTrade.main", "message": "Metrics server listening on :9090"}
{"ts": "2026-05-14 17:06:35,703", "level": "INFO", "module": "alphaTrade.main", "message": "Scheduler running. Intervals: []"}
{"ts": "2026-05-14 17:06:35,704", "level": "INFO", "module": "alphaTrade.main", "message": "Graceful shutdown complete."}
{"ts": "2026-05-14 17:06:35,713", "level": "INFO", "module": "alphaTrade.main", "message": "Metrics server listening on :9090"}
{"ts": "2026-05-14 17:06:35,715", "level": "INFO", "module": "alphaTrade.main", "message": "Scheduler running. Intervals: []"}
{"ts": "2026-05-14 17:06:35,716", "level": "INFO", "module": "alphaTrade.main", "message": "Graceful shutdown complete."}
{"ts": "2026-05-14 17:06:35,721", "level": "INFO", "module": "alphaTrade.main", "message": "Metrics server listening on :9090"}
{"ts": "2026-05-14 17:06:35,722", "level": "INFO", "module": "alphaTrade.main", "message": "Scheduler running. Intervals: []"}
{"ts": "2026-05-14 17:06:35,723", "level": "INFO", "module": "alphaTrade.main", "message": "Graceful shutdown complete."}
{"ts": "2026-05-14 17:11:42,138", "level": "INFO", "module": "alphaTrade.main", "message": "Metrics server listening on :9090"}
{"ts": "2026-05-14 17:11:42,230", "level": "INFO", "module": "alphaTrade.main", "message": "Metrics server listening on :9090"}
{"ts": "2026-05-14 17:11:42,233", "level": "INFO", "module": "alphaTrade.main", "message": "Scheduler running. Intervals: []"}
{"ts": "2026-05-14 17:11:42,233", "level": "INFO", "module": "alphaTrade.main", "message": "Graceful shutdown complete."}
{"ts": "2026-05-14 17:11:42,243", "level": "INFO", "module": "alphaTrade.main", "message": "Metrics server listening on :9090"}
{"ts": "2026-05-14 17:11:42,245", "level": "INFO", "module": "alphaTrade.main", "message": "Scheduler running. Intervals: []"}
{"ts": "2026-05-14 17:11:42,246", "level": "INFO", "module": "alphaTrade.main", "message": "Graceful shutdown complete."}
{"ts": "2026-05-14 17:11:42,250", "level": "INFO", "module": "alphaTrade.main", "message": "Metrics server listening on :9090"}
{"ts": "2026-05-14 17:11:42,252", "level": "INFO", "module": "alphaTrade.main", "message": "Scheduler running. Intervals: []"}
{"ts": "2026-05-14 17:11:42,253", "level": "INFO", "module": "alphaTrade.main", "message": "Graceful shutdown complete."}
{"ts": "2026-05-14 17:15:15,009", "level": "INFO", "module": "alphaTrade.main", "message": "Metrics server listening on :9090"}
{"ts": "2026-05-14 17:15:15,092", "level": "INFO", "module": "alphaTrade.main", "message": "Metrics server listening on :9090"}
{"ts": "2026-05-14 17:15:15,094", "level": "INFO", "module": "alphaTrade.main", "message": "Scheduler running. Intervals: []"}
{"ts": "2026-05-14 17:15:15,094", "level": "INFO", "module": "alphaTrade.main", "message": "Graceful shutdown complete."}
{"ts": "2026-05-14 17:15:15,101", "level": "INFO", "module": "alphaTrade.main", "message": "Metrics server listening on :9090"}
{"ts": "2026-05-14 17:15:15,103", "level": "INFO", "module": "alphaTrade.main", "message": "Scheduler running. Intervals: []"}
{"ts": "2026-05-14 17:15:15,104", "level": "INFO", "module": "alphaTrade.main", "message": "Graceful shutdown complete."}
{"ts": "2026-05-14 17:15:15,107", "level": "INFO", "module": "alphaTrade.main", "message": "Metrics server listening on :9090"}
{"ts": "2026-05-14 17:15:15,108", "level": "INFO", "module": "alphaTrade.main", "message": "Scheduler running. Intervals: []"}
{"ts": "2026-05-14 17:15:15,109", "level": "INFO", "module": "alphaTrade.main", "message": "Graceful shutdown complete."}
{"ts": "2026-05-14 17:18:12,014", "level": "INFO", "module": "alphaTrade.main", "message": "Metrics server listening on :9090"}
{"ts": "2026-05-14 17:18:12,098", "level": "INFO", "module": "alphaTrade.main", "message": "Metrics server listening on :9090"}
{"ts": "2026-05-14 17:18:12,100", "level": "INFO", "module": "alphaTrade.main", "message": "Scheduler running. Intervals: []"}
{"ts": "2026-05-14 17:18:12,101", "level": "INFO", "module": "alphaTrade.main", "message": "Graceful shutdown complete."}
{"ts": "2026-05-14 17:18:12,110", "level": "INFO", "module": "alphaTrade.main", "message": "Metrics server listening on :9090"}
{"ts": "2026-05-14 17:18:12,112", "level": "INFO", "module": "alphaTrade.main", "message": "Scheduler running. Intervals: []"}
{"ts": "2026-05-14 17:18:12,112", "level": "INFO", "module": "alphaTrade.main", "message": "Graceful shutdown complete."}
{"ts": "2026-05-14 17:18:12,117", "level": "INFO", "module": "alphaTrade.main", "message": "Metrics server listening on :9090"}
{"ts": "2026-05-14 17:18:12,119", "level": "INFO", "module": "alphaTrade.main", "message": "Scheduler running. Intervals: []"}
{"ts": "2026-05-14 17:18:12,119", "level": "INFO", "module": "alphaTrade.main", "message": "Graceful shutdown complete."}
{"ts": "2026-05-14 17:19:35,848", "level": "INFO", "module": "alphaTrade.main", "message": "Metrics server listening on :9090"}
{"ts": "2026-05-14 17:19:35,932", "level": "INFO", "module": "alphaTrade.main", "message": "Metrics server listening on :9090"}
{"ts": "2026-05-14 17:19:35,934", "level": "INFO", "module": "alphaTrade.main", "message": "Scheduler running. Intervals: []"}
{"ts": "2026-05-14 17:19:35,935", "level": "INFO", "module": "alphaTrade.main", "message": "Graceful shutdown complete."}
{"ts": "2026-05-14 17:19:35,941", "level": "INFO", "module": "alphaTrade.main", "message": "Metrics server listening on :9090"}
{"ts": "2026-05-14 17:19:35,942", "level": "INFO", "module": "alphaTrade.main", "message": "Scheduler running. Intervals: []"}
{"ts": "2026-05-14 17:19:35,943", "level": "INFO", "module": "alphaTrade.main", "message": "Graceful shutdown complete."}
{"ts": "2026-05-14 17:19:35,946", "level": "INFO", "module": "alphaTrade.main", "message": "Metrics server listening on :9090"}
{"ts": "2026-05-14 17:19:35,948", "level": "INFO", "module": "alphaTrade.main", "message": "Scheduler running. Intervals: []"}
{"ts": "2026-05-14 17:19:35,948", "level": "INFO", "module": "alphaTrade.main", "message": "Graceful shutdown complete."}
{"ts": "2026-05-14 17:25:41,096", "level": "INFO", "module": "alphaTrade.main", "message": "Metrics server listening on :9090"}
{"ts": "2026-05-14 17:25:41,174", "level": "INFO", "module": "alphaTrade.main", "message": "Metrics server listening on :9090"}
{"ts": "2026-05-14 17:25:41,176", "level": "INFO", "module": "alphaTrade.main", "message": "Scheduler running. Intervals: []"}
{"ts": "2026-05-14 17:25:41,176", "level": "INFO", "module": "alphaTrade.main", "message": "Graceful shutdown complete."}
{"ts": "2026-05-14 17:25:41,183", "level": "INFO", "module": "alphaTrade.main", "message": "Metrics server listening on :9090"}
{"ts": "2026-05-14 17:25:41,185", "level": "INFO", "module": "alphaTrade.main", "message": "Scheduler running. Intervals: []"}
{"ts": "2026-05-14 17:25:41,185", "level": "INFO", "module": "alphaTrade.main", "message": "Graceful shutdown complete."}
{"ts": "2026-05-14 17:25:41,189", "level": "INFO", "module": "alphaTrade.main", "message": "Metrics server listening on :9090"}
{"ts": "2026-05-14 17:25:41,191", "level": "INFO", "module": "alphaTrade.main", "message": "Scheduler running. Intervals: []"}
{"ts": "2026-05-14 17:25:41,191", "level": "INFO", "module": "alphaTrade.main", "message": "Graceful shutdown complete."}
{"ts": "2026-05-14 17:27:44,989", "level": "INFO", "module": "alphaTrade.main", "message": "Metrics server listening on :9090"}
{"ts": "2026-05-14 17:27:45,072", "level": "INFO", "module": "alphaTrade.main", "message": "Metrics server listening on :9090"}
{"ts": "2026-05-14 17:27:45,074", "level": "INFO", "module": "alphaTrade.main", "message": "Scheduler running. Intervals: []"}
{"ts": "2026-05-14 17:27:45,074", "level": "INFO", "module": "alphaTrade.main", "message": "Graceful shutdown complete."}
{"ts": "2026-05-14 17:27:45,081", "level": "INFO", "module": "alphaTrade.main", "message": "Metrics server listening on :9090"}
{"ts": "2026-05-14 17:27:45,083", "level": "INFO", "module": "alphaTrade.main", "message": "Scheduler running. Intervals: []"}
{"ts": "2026-05-14 17:27:45,083", "level": "INFO", "module": "alphaTrade.main", "message": "Graceful shutdown complete."}
{"ts": "2026-05-14 17:27:45,086", "level": "INFO", "module": "alphaTrade.main", "message": "Metrics server listening on :9090"}
{"ts": "2026-05-14 17:27:45,087", "level": "INFO", "module": "alphaTrade.main", "message": "Scheduler running. Intervals: []"}
{"ts": "2026-05-14 17:27:45,088", "level": "INFO", "module": "alphaTrade.main", "message": "Graceful shutdown complete."}
{"ts": "2026-05-14 17:32:26,212", "level": "INFO", "module": "alphaTrade.main", "message": "Metrics server listening on :9090"}
{"ts": "2026-05-14 17:32:26,296", "level": "INFO", "module": "alphaTrade.main", "message": "Metrics server listening on :9090"}
{"ts": "2026-05-14 17:32:26,298", "level": "INFO", "module": "alphaTrade.main", "message": "Scheduler running. Intervals: []"}
{"ts": "2026-05-14 17:32:26,298", "level": "INFO", "module": "alphaTrade.main", "message": "Graceful shutdown complete."}
{"ts": "2026-05-14 17:32:26,305", "level": "INFO", "module": "alphaTrade.main", "message": "Metrics server listening on :9090"}
{"ts": "2026-05-14 17:32:26,307", "level": "INFO", "module": "alphaTrade.main", "message": "Scheduler running. Intervals: []"}
{"ts": "2026-05-14 17:32:26,307", "level": "INFO", "module": "alphaTrade.main", "message": "Graceful shutdown complete."}
{"ts": "2026-05-14 17:32:26,310", "level": "INFO", "module": "alphaTrade.main", "message": "Metrics server listening on :9090"}
{"ts": "2026-05-14 17:32:26,312", "level": "INFO", "module": "alphaTrade.main", "message": "Scheduler running. Intervals: []"}
{"ts": "2026-05-14 17:32:26,312", "level": "INFO", "module": "alphaTrade.main", "message": "Graceful shutdown complete."}
{"ts": "2026-05-14 17:38:33,877", "level": "INFO", "module": "alphaTrade.main", "message": "Metrics server listening on :9090"}
{"ts": "2026-05-14 17:38:33,956", "level": "INFO", "module": "alphaTrade.main", "message": "Metrics server listening on :9090"}
{"ts": "2026-05-14 17:38:33,958", "level": "INFO", "module": "alphaTrade.main", "message": "Scheduler running. Intervals: []"}
{"ts": "2026-05-14 17:38:33,959", "level": "INFO", "module": "alphaTrade.main", "message": "Graceful shutdown complete."}
{"ts": "2026-05-14 17:38:33,965", "level": "INFO", "module": "alphaTrade.main", "message": "Metrics server listening on :9090"}
{"ts": "2026-05-14 17:38:33,966", "level": "INFO", "module": "alphaTrade.main", "message": "Scheduler running. Intervals: []"}
{"ts": "2026-05-14 17:38:33,967", "level": "INFO", "module": "alphaTrade.main", "message": "Graceful shutdown complete."}
{"ts": "2026-05-14 17:38:33,972", "level": "INFO", "module": "alphaTrade.main", "message": "Metrics server listening on :9090"}
{"ts": "2026-05-14 17:38:33,973", "level": "INFO", "module": "alphaTrade.main", "message": "Scheduler running. Intervals: []"}
{"ts": "2026-05-14 17:38:33,974", "level": "INFO", "module": "alphaTrade.main", "message": "Graceful shutdown complete."}
{"ts": "2026-05-14 17:39:54,948", "level": "INFO", "module": "alphaTrade.main", "message": "Metrics server listening on :9090"}
{"ts": "2026-05-14 17:39:55,035", "level": "INFO", "module": "alphaTrade.main", "message": "Metrics server listening on :9090"}
{"ts": "2026-05-14 17:39:55,037", "level": "INFO", "module": "alphaTrade.main", "message": "Scheduler running. Intervals: []"}
{"ts": "2026-05-14 17:39:55,037", "level": "INFO", "module": "alphaTrade.main", "message": "Graceful shutdown complete."}
{"ts": "2026-05-14 17:39:55,043", "level": "INFO", "module": "alphaTrade.main", "message": "Metrics server listening on :9090"}
{"ts": "2026-05-14 17:39:55,044", "level": "INFO", "module": "alphaTrade.main", "message": "Scheduler running. Intervals: []"}
{"ts": "2026-05-14 17:39:55,045", "level": "INFO", "module": "alphaTrade.main", "message": "Graceful shutdown complete."}
{"ts": "2026-05-14 17:39:55,049", "level": "INFO", "module": "alphaTrade.main", "message": "Metrics server listening on :9090"}
{"ts": "2026-05-14 17:39:55,050", "level": "INFO", "module": "alphaTrade.main", "message": "Scheduler running. Intervals: []"}
{"ts": "2026-05-14 17:39:55,050", "level": "INFO", "module": "alphaTrade.main", "message": "Graceful shutdown complete."}
{"ts": "2026-05-14 17:40:18,932", "level": "INFO", "module": "alphaTrade.main", "message": "Metrics server listening on :9090"}
{"ts": "2026-05-14 17:40:19,017", "level": "INFO", "module": "alphaTrade.main", "message": "Metrics server listening on :9090"}
{"ts": "2026-05-14 17:40:19,019", "level": "INFO", "module": "alphaTrade.main", "message": "Scheduler running. Intervals: []"}
{"ts": "2026-05-14 17:40:19,020", "level": "INFO", "module": "alphaTrade.main", "message": "Graceful shutdown complete."}
{"ts": "2026-05-14 17:40:19,027", "level": "INFO", "module": "alphaTrade.main", "message": "Metrics server listening on :9090"}
{"ts": "2026-05-14 17:40:19,028", "level": "INFO", "module": "alphaTrade.main", "message": "Scheduler running. Intervals: []"}
{"ts": "2026-05-14 17:40:19,029", "level": "INFO", "module": "alphaTrade.main", "message": "Graceful shutdown complete."}
{"ts": "2026-05-14 17:40:19,034", "level": "INFO", "module": "alphaTrade.main", "message": "Metrics server listening on :9090"}
{"ts": "2026-05-14 17:40:19,036", "level": "INFO", "module": "alphaTrade.main", "message": "Scheduler running. Intervals: []"}
{"ts": "2026-05-14 17:40:19,037", "level": "INFO", "module": "alphaTrade.main", "message": "Graceful shutdown complete."}
{"ts": "2026-05-14 17:52:33,769", "level": "INFO", "module": "alphaTrade.main", "message": "Metrics server listening on :9090"}
{"ts": "2026-05-14 17:52:33,852", "level": "INFO", "module": "alphaTrade.main", "message": "Metrics server listening on :9090"}
{"ts": "2026-05-14 17:52:33,854", "level": "INFO", "module": "alphaTrade.main", "message": "Scheduler running. Intervals: []"}
{"ts": "2026-05-14 17:52:33,854", "level": "INFO", "module": "alphaTrade.main", "message": "Graceful shutdown complete."}
{"ts": "2026-05-14 17:52:33,861", "level": "INFO", "module": "alphaTrade.main", "message": "Metrics server listening on :9090"}
{"ts": "2026-05-14 17:52:33,863", "level": "INFO", "module": "alphaTrade.main", "message": "Scheduler running. Intervals: []"}
{"ts": "2026-05-14 17:52:33,863", "level": "INFO", "module": "alphaTrade.main", "message": "Graceful shutdown complete."}
{"ts": "2026-05-14 17:52:33,868", "level": "INFO", "module": "alphaTrade.main", "message": "Metrics server listening on :9090"}
{"ts": "2026-05-14 17:52:33,869", "level": "INFO", "module": "alphaTrade.main", "message": "Scheduler running. Intervals: []"}
{"ts": "2026-05-14 17:52:33,870", "level": "INFO", "module": "alphaTrade.main", "message": "Graceful shutdown complete."}
{"ts": "2026-05-14 17:53:31,291", "level": "INFO", "module": "alphaTrade.main", "message": "Metrics server listening on :9090"}
{"ts": "2026-05-14 17:53:31,375", "level": "INFO", "module": "alphaTrade.main", "message": "Metrics server listening on :9090"}
{"ts": "2026-05-14 17:53:31,377", "level": "INFO", "module": "alphaTrade.main", "message": "Scheduler running. Intervals: []"}
{"ts": "2026-05-14 17:53:31,377", "level": "INFO", "module": "alphaTrade.main", "message": "Graceful shutdown complete."}
{"ts": "2026-05-14 17:53:31,386", "level": "INFO", "module": "alphaTrade.main", "message": "Metrics server listening on :9090"}
{"ts": "2026-05-14 17:53:31,388", "level": "INFO", "module": "alphaTrade.main", "message": "Scheduler running. Intervals: []"}
{"ts": "2026-05-14 17:53:31,388", "level": "INFO", "module": "alphaTrade.main", "message": "Graceful shutdown complete."}
{"ts": "2026-05-14 17:53:31,392", "level": "INFO", "module": "alphaTrade.main", "message": "Metrics server listening on :9090"}
{"ts": "2026-05-14 17:53:31,393", "level": "INFO", "module": "alphaTrade.main", "message": "Scheduler running. Intervals: []"}
{"ts": "2026-05-14 17:53:31,394", "level": "INFO", "module": "alphaTrade.main", "message": "Graceful shutdown complete."}
{"ts": "2026-05-14 17:57:55,887", "level": "INFO", "module": "alphaTrade.main", "message": "Metrics server listening on :9090"}
{"ts": "2026-05-14 17:57:55,977", "level": "INFO", "module": "alphaTrade.main", "message": "Metrics server listening on :9090"}
{"ts": "2026-05-14 17:57:55,979", "level": "INFO", "module": "alphaTrade.main", "message": "Scheduler running. Intervals: []"}
{"ts": "2026-05-14 17:57:55,980", "level": "INFO", "module": "alphaTrade.main", "message": "Graceful shutdown complete."}
{"ts": "2026-05-14 17:57:55,986", "level": "INFO", "module": "alphaTrade.main", "message": "Metrics server listening on :9090"}
{"ts": "2026-05-14 17:57:55,988", "level": "INFO", "module": "alphaTrade.main", "message": "Scheduler running. Intervals: []"}
{"ts": "2026-05-14 17:57:55,989", "level": "INFO", "module": "alphaTrade.main", "message": "Graceful shutdown complete."}
{"ts": "2026-05-14 17:57:55,994", "level": "INFO", "module": "alphaTrade.main", "message": "Metrics server listening on :9090"}
{"ts": "2026-05-14 17:57:55,996", "level": "INFO", "module": "alphaTrade.main", "message": "Scheduler running. Intervals: []"}
{"ts": "2026-05-14 17:57:55,996", "level": "INFO", "module": "alphaTrade.main", "message": "Graceful shutdown complete."}
{"ts": "2026-05-14 18:00:30,765", "level": "INFO", "module": "alphaTrade.main", "message": "Metrics server listening on :9090"}
{"ts": "2026-05-14 18:00:30,853", "level": "INFO", "module": "alphaTrade.main", "message": "Metrics server listening on :9090"}
{"ts": "2026-05-14 18:00:30,855", "level": "INFO", "module": "alphaTrade.main", "message": "Scheduler running. Intervals: []"}
{"ts": "2026-05-14 18:00:30,855", "level": "INFO", "module": "alphaTrade.main", "message": "Graceful shutdown complete."}
{"ts": "2026-05-14 18:00:30,862", "level": "INFO", "module": "alphaTrade.main", "message": "Metrics server listening on :9090"}
{"ts": "2026-05-14 18:00:30,865", "level": "INFO", "module": "alphaTrade.main", "message": "Scheduler running. Intervals: []"}
{"ts": "2026-05-14 18:00:30,865", "level": "INFO", "module": "alphaTrade.main", "message": "Graceful shutdown complete."}
{"ts": "2026-05-14 18:00:30,869", "level": "INFO", "module": "alphaTrade.main", "message": "Metrics server listening on :9090"}
{"ts": "2026-05-14 18:00:30,871", "level": "INFO", "module": "alphaTrade.main", "message": "Scheduler running. Intervals: []"}
{"ts": "2026-05-14 18:00:30,871", "level": "INFO", "module": "alphaTrade.main", "message": "Graceful shutdown complete."}
{"ts": "2026-05-14 21:13:02,956", "level": "INFO", "module": "alphaTrade.main", "message": "Metrics server listening on :9090"}
{"ts": "2026-05-14 21:13:03,408", "level": "INFO", "module": "alphaTrade.main", "message": "Metrics server listening on :9090"}
{"ts": "2026-05-14 21:13:03,412", "level": "INFO", "module": "alphaTrade.main", "message": "Scheduler running. Intervals: []"}
{"ts": "2026-05-14 21:13:03,413", "level": "INFO", "module": "alphaTrade.main", "message": "Graceful shutdown complete."}
{"ts": "2026-05-14 21:13:03,442", "level": "INFO", "module": "alphaTrade.main", "message": "Metrics server listening on :9090"}
{"ts": "2026-05-14 21:13:03,446", "level": "INFO", "module": "alphaTrade.main", "message": "Scheduler running. Intervals: []"}
{"ts": "2026-05-14 21:13:03,447", "level": "INFO", "module": "alphaTrade.main", "message": "Graceful shutdown complete."}
{"ts": "2026-05-14 21:13:03,459", "level": "INFO", "module": "alphaTrade.main", "message": "Metrics server listening on :9090"}
{"ts": "2026-05-14 21:13:03,464", "level": "INFO", "module": "alphaTrade.main", "message": "Scheduler running. Intervals: []"}
{"ts": "2026-05-14 21:13:03,466", "level": "INFO", "module": "alphaTrade.main", "message": "Graceful shutdown complete."}
{"ts": "2026-05-14 21:15:23,468", "level": "INFO", "module": "alphaTrade.main", "message": "Metrics server listening on :9090"}
{"ts": "2026-05-14 21:15:23,579", "level": "INFO", "module": "alphaTrade.main", "message": "Metrics server listening on :9090"}
{"ts": "2026-05-14 21:15:23,582", "level": "INFO", "module": "alphaTrade.main", "message": "Scheduler running. Intervals: []"}
{"ts": "2026-05-14 21:15:23,582", "level": "INFO", "module": "alphaTrade.main", "message": "Graceful shutdown complete."}
{"ts": "2026-05-14 21:15:23,591", "level": "INFO", "module": "alphaTrade.main", "message": "Metrics server listening on :9090"}
{"ts": "2026-05-14 21:15:23,593", "level": "INFO", "module": "alphaTrade.main", "message": "Scheduler running. Intervals: []"}
{"ts": "2026-05-14 21:15:23,594", "level": "INFO", "module": "alphaTrade.main", "message": "Graceful shutdown complete."}
{"ts": "2026-05-14 21:15:23,597", "level": "INFO", "module": "alphaTrade.main", "message": "Metrics server listening on :9090"}
{"ts": "2026-05-14 21:15:23,599", "level": "INFO", "module": "alphaTrade.main", "message": "Scheduler running. Intervals: []"}
{"ts": "2026-05-14 21:15:23,600", "level": "INFO", "module": "alphaTrade.main", "message": "Graceful shutdown complete."}
{"ts": "2026-05-14 21:16:22,582", "level": "INFO", "module": "alphaTrade.main", "message": "Metrics server listening on :9090"}
{"ts": "2026-05-14 21:16:22,704", "level": "INFO", "module": "alphaTrade.main", "message": "Metrics server listening on :9090"}
{"ts": "2026-05-14 21:16:22,707", "level": "INFO", "module": "alphaTrade.main", "message": "Scheduler running. Intervals: []"}
{"ts": "2026-05-14 21:16:22,707", "level": "INFO", "module": "alphaTrade.main", "message": "Graceful shutdown complete."}
{"ts": "2026-05-14 21:16:22,721", "level": "INFO", "module": "alphaTrade.main", "message": "Metrics server listening on :9090"}
{"ts": "2026-05-14 21:16:22,723", "level": "INFO", "module": "alphaTrade.main", "message": "Scheduler running. Intervals: []"}
{"ts": "2026-05-14 21:16:22,724", "level": "INFO", "module": "alphaTrade.main", "message": "Graceful shutdown complete."}
{"ts": "2026-05-14 21:16:22,727", "level": "INFO", "module": "alphaTrade.main", "message": "Metrics server listening on :9090"}
{"ts": "2026-05-14 21:16:22,729", "level": "INFO", "module": "alphaTrade.main", "message": "Scheduler running. Intervals: []"}
{"ts": "2026-05-14 21:16:22,730", "level": "INFO", "module": "alphaTrade.main", "message": "Graceful shutdown complete."}
{"ts": "2026-05-14 21:19:35,119", "level": "INFO", "module": "alphaTrade.main", "message": "Metrics server listening on :9090"}
{"ts": "2026-05-14 21:19:35,237", "level": "INFO", "module": "alphaTrade.main", "message": "Metrics server listening on :9090"}
{"ts": "2026-05-14 21:19:35,240", "level": "INFO", "module": "alphaTrade.main", "message": "Scheduler running. Intervals: []"}
{"ts": "2026-05-14 21:19:35,240", "level": "INFO", "module": "alphaTrade.main", "message": "Graceful shutdown complete."}
{"ts": "2026-05-14 21:19:35,248", "level": "INFO", "module": "alphaTrade.main", "message": "Metrics server listening on :9090"}
{"ts": "2026-05-14 21:19:35,251", "level": "INFO", "module": "alphaTrade.main", "message": "Scheduler running. Intervals: []"}
{"ts": "2026-05-14 21:19:35,251", "level": "INFO", "module": "alphaTrade.main", "message": "Graceful shutdown complete."}
{"ts": "2026-05-14 21:19:35,254", "level": "INFO", "module": "alphaTrade.main", "message": "Metrics server listening on :9090"}
{"ts": "2026-05-14 21:19:35,256", "level": "INFO", "module": "alphaTrade.main", "message": "Scheduler running. Intervals: []"}
{"ts": "2026-05-14 21:19:35,257", "level": "INFO", "module": "alphaTrade.main", "message": "Graceful shutdown complete."}
{"ts": "2026-05-14 21:22:14,434", "level": "INFO", "module": "alphaTrade.main", "message": "Metrics server listening on :9090"}
{"ts": "2026-05-14 21:22:14,571", "level": "INFO", "module": "alphaTrade.main", "message": "Metrics server listening on :9090"}
{"ts": "2026-05-14 21:22:14,574", "level": "INFO", "module": "alphaTrade.main", "message": "Scheduler running. Intervals: []"}
{"ts": "2026-05-14 21:22:14,574", "level": "INFO", "module": "alphaTrade.main", "message": "Graceful shutdown complete."}
{"ts": "2026-05-14 21:22:14,582", "level": "INFO", "module": "alphaTrade.main", "message": "Metrics server listening on :9090"}
{"ts": "2026-05-14 21:22:14,584", "level": "INFO", "module": "alphaTrade.main", "message": "Scheduler running. Intervals: []"}
{"ts": "2026-05-14 21:22:14,585", "level": "INFO", "module": "alphaTrade.main", "message": "Graceful shutdown complete."}
{"ts": "2026-05-14 21:22:14,588", "level": "INFO", "module": "alphaTrade.main", "message": "Metrics server listening on :9090"}
{"ts": "2026-05-14 21:22:14,590", "level": "INFO", "module": "alphaTrade.main", "message": "Scheduler running. Intervals: []"}
{"ts": "2026-05-14 21:22:14,590", "level": "INFO", "module": "alphaTrade.main", "message": "Graceful shutdown complete."}
{"ts": "2026-05-14 21:28:04,304", "level": "INFO", "module": "alphaTrade.main", "message": "Metrics server listening on :9090"}
{"ts": "2026-05-14 21:30:39,354", "level": "INFO", "module": "alphaTrade.main", "message": "Metrics server listening on :9090"}
{"ts": "2026-05-14 21:33:05,617", "level": "INFO", "module": "alphaTrade.main", "message": "Metrics server listening on :9090"}
{"ts": "2026-05-14 21:35:03,895", "level": "INFO", "module": "alphaTrade.main", "message": "Metrics server listening on :9090"}
{"ts": "2026-05-14 21:39:19,708", "level": "INFO", "module": "alphaTrade.main", "message": "Metrics server listening on :9090"}
{"ts": "2026-05-14 21:42:31,534", "level": "INFO", "module": "alphaTrade.main", "message": "Metrics server listening on :9090"}
{"ts": "2026-05-14 21:42:31,736", "level": "INFO", "module": "alembic.runtime.plugins", "message": "setup plugin alembic.autogenerate.schemas"}
{"ts": "2026-05-14 21:42:31,736", "level": "INFO", "module": "alembic.runtime.plugins", "message": "setup plugin alembic.autogenerate.tables"}
{"ts": "2026-05-14 21:42:31,736", "level": "INFO", "module": "alembic.runtime.plugins", "message": "setup plugin alembic.autogenerate.types"}
{"ts": "2026-05-14 21:42:31,737", "level": "INFO", "module": "alembic.runtime.plugins", "message": "setup plugin alembic.autogenerate.constraints"}
{"ts": "2026-05-14 21:42:31,738", "level": "INFO", "module": "alembic.runtime.plugins", "message": "setup plugin alembic.autogenerate.defaults"}
{"ts": "2026-05-14 21:42:31,738", "level": "INFO", "module": "alembic.runtime.plugins", "message": "setup plugin alembic.autogenerate.comments"}
{"ts": "2026-05-14 21:44:21,766", "level": "INFO", "module": "alphaTrade.main", "message": "Metrics server listening on :9090"}
{"ts": "2026-05-14 21:47:15,482", "level": "INFO", "module": "alphaTrade.main", "message": "Metrics server listening on :9090"}
{"ts": "2026-05-14 21:47:15,656", "level": "INFO", "module": "alembic.runtime.plugins", "message": "setup plugin alembic.autogenerate.schemas"}
{"ts": "2026-05-14 21:47:15,656", "level": "INFO", "module": "alembic.runtime.plugins", "message": "setup plugin alembic.autogenerate.tables"}
{"ts": "2026-05-14 21:47:15,656", "level": "INFO", "module": "alembic.runtime.plugins", "message": "setup plugin alembic.autogenerate.types"}
{"ts": "2026-05-14 21:47:15,657", "level": "INFO", "module": "alembic.runtime.plugins", "message": "setup plugin alembic.autogenerate.constraints"}
{"ts": "2026-05-14 21:47:15,657", "level": "INFO", "module": "alembic.runtime.plugins", "message": "setup plugin alembic.autogenerate.defaults"}
{"ts": "2026-05-14 21:47:15,657", "level": "INFO", "module": "alembic.runtime.plugins", "message": "setup plugin alembic.autogenerate.comments"}
{"ts": "2026-05-14 21:50:18,888", "level": "INFO", "module": "alphaTrade.main", "message": "Metrics server listening on :9090"}
{"ts": "2026-05-14 21:52:36,629", "level": "INFO", "module": "alphaTrade.main", "message": "Metrics server listening on :9090"}
{"ts": "2026-05-14 21:54:37,764", "level": "INFO", "module": "alphaTrade.main", "message": "Metrics server listening on :9090"}
{"ts": "2026-05-14 21:58:23,470", "level": "INFO", "module": "alphaTrade.main", "message": "Metrics server listening on :9090"}
{"ts": "2026-05-14 22:00:43,430", "level": "INFO", "module": "alphaTrade.main", "message": "Metrics server listening on :9090"}
{"ts": "2026-05-14 22:03:33,930", "level": "INFO", "module": "alphaTrade.main", "message": "Metrics server listening on :9090"}
{"ts": "2026-05-14 22:15:35,902", "level": "INFO", "module": "alphaTrade.main", "message": "Metrics server listening on :9090"}
{"ts": "2026-05-14 22:17:50,368", "level": "INFO", "module": "alphaTrade.main", "message": "Metrics server listening on :9090"}
{"ts": "2026-05-14 22:19:51,077", "level": "INFO", "module": "alphaTrade.main", "message": "Metrics server listening on :9090"}
{"ts": "2026-05-14 22:21:20,712", "level": "INFO", "module": "alphaTrade.main", "message": "Metrics server listening on :9090"}
{"ts": "2026-05-14 22:21:36,609", "level": "INFO", "module": "alphaTrade.main", "message": "Metrics server listening on :9090"}
{"ts": "2026-05-14 22:21:53,166", "level": "INFO", "module": "alphaTrade.main", "message": "Metrics server listening on :9090"}
{"ts": "2026-05-14 22:21:53,171", "level": "INFO", "module": "alphaTrade.main", "message": "Scheduler running. Intervals: []"}
{"ts": "2026-05-14 22:22:50,910", "level": "INFO", "module": "alphaTrade.main", "message": "Metrics server listening on :9090"}
{"ts": "2026-05-14 22:23:54,409", "level": "INFO", "module": "alphaTrade.main", "message": "Metrics server listening on :9090"}
{"ts": "2026-05-14 22:23:54,416", "level": "INFO", "module": "alphaTrade.main", "message": "Scheduler running. Intervals: []"}
{"ts": "2026-05-14 22:25:00,096", "level": "INFO", "module": "alphaTrade.main", "message": "Metrics server listening on :9090"}
{"ts": "2026-05-14 22:25:43,665", "level": "INFO", "module": "alphaTrade.main", "message": "Metrics server listening on :9090"}
{"ts": "2026-05-14 22:25:43,674", "level": "INFO", "module": "alphaTrade.main", "message": "Scheduler running. Intervals: []"}
{"ts": "2026-05-14 22:29:05,745", "level": "INFO", "module": "alphaTrade.main", "message": "Metrics server listening on :9090"}
{"ts": "2026-05-14 22:30:04,124", "level": "INFO", "module": "alphaTrade.main", "message": "Metrics server listening on :9090"}
{"ts": "2026-05-14 22:30:04,129", "level": "INFO", "module": "alphaTrade.main", "message": "Scheduler running. Intervals: []"}
{"ts": "2026-05-14 22:38:06,497", "level": "INFO", "module": "alphaTrade.main", "message": "Metrics server listening on :9090"}
{"ts": "2026-05-14 22:41:58,200", "level": "INFO", "module": "alphaTrade.main", "message": "Metrics server listening on :9090"}
{"ts": "2026-05-14 22:41:58,270", "level": "INFO", "module": "alembic.runtime.plugins", "message": "setup plugin alembic.autogenerate.schemas"}
{"ts": "2026-05-14 22:41:58,271", "level": "INFO", "module": "alembic.runtime.plugins", "message": "setup plugin alembic.autogenerate.tables"}
{"ts": "2026-05-14 22:41:58,272", "level": "INFO", "module": "alembic.runtime.plugins", "message": "setup plugin alembic.autogenerate.types"}
{"ts": "2026-05-14 22:41:58,272", "level": "INFO", "module": "alembic.runtime.plugins", "message": "setup plugin alembic.autogenerate.constraints"}
{"ts": "2026-05-14 22:41:58,272", "level": "INFO", "module": "alembic.runtime.plugins", "message": "setup plugin alembic.autogenerate.defaults"}
{"ts": "2026-05-14 22:41:58,272", "level": "INFO", "module": "alembic.runtime.plugins", "message": "setup plugin alembic.autogenerate.comments"}
{"ts": "2026-05-14 22:41:58,416", "level": "INFO", "module": "alphaTrade.main", "message": "Metrics server listening on :9090"}
{"ts": "2026-05-14 22:41:58,419", "level": "INFO", "module": "alphaTrade.main", "message": "Scheduler running. Intervals: []"}
{"ts": "2026-05-14 22:41:58,420", "level": "INFO", "module": "alphaTrade.main", "message": "Graceful shutdown complete."}
{"ts": "2026-05-14 22:41:58,427", "level": "INFO", "module": "alphaTrade.main", "message": "Metrics server listening on :9090"}
{"ts": "2026-05-14 22:41:58,430", "level": "INFO", "module": "alphaTrade.main", "message": "Scheduler running. Intervals: []"}
{"ts": "2026-05-14 22:41:58,431", "level": "INFO", "module": "alphaTrade.main", "message": "Graceful shutdown complete."}
{"ts": "2026-05-14 22:41:58,434", "level": "INFO", "module": "alphaTrade.main", "message": "Metrics server listening on :9090"}
{"ts": "2026-05-14 22:41:58,437", "level": "INFO", "module": "alphaTrade.main", "message": "Scheduler running. Intervals: []"}
{"ts": "2026-05-14 22:41:58,439", "level": "INFO", "module": "alphaTrade.main", "message": "Graceful shutdown complete."}
{"ts": "2026-05-14 22:42:46,355", "level": "INFO", "module": "alphaTrade.main", "message": "Metrics server listening on :9090"}
{"ts": "2026-05-14 22:42:46,732", "level": "INFO", "module": "alphaTrade.main", "message": "Metrics server listening on :9090"}
{"ts": "2026-05-14 22:42:46,740", "level": "INFO", "module": "alphaTrade.main", "message": "Scheduler running. Intervals: []"}
{"ts": "2026-05-14 22:42:46,745", "level": "INFO", "module": "alphaTrade.main", "message": "Graceful shutdown complete."}
{"ts": "2026-05-14 22:42:46,769", "level": "INFO", "module": "alphaTrade.main", "message": "Metrics server listening on :9090"}
{"ts": "2026-05-14 22:42:46,775", "level": "INFO", "module": "alphaTrade.main", "message": "Scheduler running. Intervals: []"}
{"ts": "2026-05-14 22:42:46,778", "level": "INFO", "module": "alphaTrade.main", "message": "Graceful shutdown complete."}
{"ts": "2026-05-14 22:42:46,790", "level": "INFO", "module": "alphaTrade.main", "message": "Metrics server listening on :9090"}
{"ts": "2026-05-14 22:42:46,795", "level": "INFO", "module": "alphaTrade.main", "message": "Scheduler running. Intervals: []"}
{"ts": "2026-05-14 22:42:46,798", "level": "INFO", "module": "alphaTrade.main", "message": "Graceful shutdown complete."}
{"ts": "2026-05-14 22:44:02,260", "level": "INFO", "module": "alphaTrade.main", "message": "Metrics server listening on :9090"}
{"ts": "2026-05-14 22:44:02,342", "level": "INFO", "module": "alembic.runtime.plugins", "message": "setup plugin alembic.autogenerate.schemas"}
{"ts": "2026-05-14 22:44:02,342", "level": "INFO", "module": "alembic.runtime.plugins", "message": "setup plugin alembic.autogenerate.tables"}
{"ts": "2026-05-14 22:44:02,342", "level": "INFO", "module": "alembic.runtime.plugins", "message": "setup plugin alembic.autogenerate.types"}
{"ts": "2026-05-14 22:44:02,342", "level": "INFO", "module": "alembic.runtime.plugins", "message": "setup plugin alembic.autogenerate.constraints"}
{"ts": "2026-05-14 22:44:02,342", "level": "INFO", "module": "alembic.runtime.plugins", "message": "setup plugin alembic.autogenerate.defaults"}
{"ts": "2026-05-14 22:44:02,343", "level": "INFO", "module": "alembic.runtime.plugins", "message": "setup plugin alembic.autogenerate.comments"}
{"ts": "2026-05-14 22:44:02,487", "level": "INFO", "module": "alphaTrade.main", "message": "Metrics server listening on :9090"}
{"ts": "2026-05-14 22:44:02,489", "level": "INFO", "module": "alphaTrade.main", "message": "Scheduler running. Intervals: []"}
{"ts": "2026-05-14 22:44:02,491", "level": "INFO", "module": "alphaTrade.main", "message": "Graceful shutdown complete."}
{"ts": "2026-05-14 22:44:02,502", "level": "INFO", "module": "alphaTrade.main", "message": "Metrics server listening on :9090"}
{"ts": "2026-05-14 22:44:02,505", "level": "INFO", "module": "alphaTrade.main", "message": "Scheduler running. Intervals: []"}
{"ts": "2026-05-14 22:44:02,507", "level": "INFO", "module": "alphaTrade.main", "message": "Graceful shutdown complete."}
{"ts": "2026-05-14 22:44:02,512", "level": "INFO", "module": "alphaTrade.main", "message": "Metrics server listening on :9090"}
{"ts": "2026-05-14 22:44:02,514", "level": "INFO", "module": "alphaTrade.main", "message": "Scheduler running. Intervals: []"}
{"ts": "2026-05-14 22:44:02,515", "level": "INFO", "module": "alphaTrade.main", "message": "Graceful shutdown complete."}
{"ts": "2026-05-14 22:46:01,743", "level": "INFO", "module": "alphaTrade.main", "message": "Metrics server listening on :9090"}
{"ts": "2026-05-14 22:46:01,875", "level": "INFO", "module": "alphaTrade.main", "message": "Metrics server listening on :9090"}
{"ts": "2026-05-14 22:46:01,995", "level": "INFO", "module": "alphaTrade.main", "message": "Metrics server listening on :9090"}
{"ts": "2026-05-14 22:46:02,090", "level": "INFO", "module": "alphaTrade.main", "message": "Metrics server listening on :9090"}
{"ts": "2026-05-14 22:46:02,103", "level": "INFO", "module": "alphaTrade.main", "message": "Scheduler running. Intervals: []"}
{"ts": "2026-05-14 22:46:02,104", "level": "INFO", "module": "alphaTrade.main", "message": "Graceful shutdown complete."}
{"ts": "2026-05-14 22:46:52,268", "level": "INFO", "module": "alphaTrade.main", "message": "Metrics server listening on :9090"}
{"ts": "2026-05-14 22:46:52,657", "level": "INFO", "module": "alphaTrade.main", "message": "Metrics server listening on :9090"}
{"ts": "2026-05-14 22:46:53,004", "level": "INFO", "module": "alphaTrade.main", "message": "Metrics server listening on :9090"}
{"ts": "2026-05-14 22:46:53,347", "level": "INFO", "module": "alphaTrade.main", "message": "Metrics server listening on :9090"}
{"ts": "2026-05-14 22:46:53,356", "level": "INFO", "module": "alphaTrade.main", "message": "Scheduler running. Intervals: []"}
{"ts": "2026-05-14 22:46:53,359", "level": "INFO", "module": "alphaTrade.main", "message": "Graceful shutdown complete."}
{"ts": "2026-05-14 22:48:18,765", "level": "INFO", "module": "alphaTrade.main", "message": "Metrics server listening on :9090"}
{"ts": "2026-05-14 22:48:19,134", "level": "INFO", "module": "alphaTrade.main", "message": "Metrics server listening on :9090"}
{"ts": "2026-05-14 22:48:19,528", "level": "INFO", "module": "alphaTrade.main", "message": "Metrics server listening on :9090"}
{"ts": "2026-05-14 22:48:19,908", "level": "INFO", "module": "alphaTrade.main", "message": "Metrics server listening on :9090"}
{"ts": "2026-05-14 22:48:19,913", "level": "INFO", "module": "alphaTrade.main", "message": "Scheduler running. Intervals: []"}
{"ts": "2026-05-14 22:48:19,916", "level": "INFO", "module": "alphaTrade.main", "message": "Graceful shutdown complete."}
{"ts": "2026-05-14 22:50:32,755", "level": "INFO", "module": "alphaTrade.main", "message": "Metrics server listening on :9090"}
{"ts": "2026-05-14 22:50:33,138", "level": "INFO", "module": "alphaTrade.main", "message": "Metrics server listening on :9090"}
{"ts": "2026-05-14 22:50:33,545", "level": "INFO", "module": "alphaTrade.main", "message": "Metrics server listening on :9090"}
{"ts": "2026-05-14 22:50:33,902", "level": "INFO", "module": "alphaTrade.main", "message": "Metrics server listening on :9090"}
{"ts": "2026-05-14 22:50:33,907", "level": "INFO", "module": "alphaTrade.main", "message": "Scheduler running. Intervals: []"}
{"ts": "2026-05-14 22:50:33,909", "level": "INFO", "module": "alphaTrade.main", "message": "Graceful shutdown complete."}
{"ts": "2026-05-14 22:51:55,848", "level": "INFO", "module": "alphaTrade.main", "message": "Metrics server listening on :9090"}
{"ts": "2026-05-14 22:51:56,198", "level": "INFO", "module": "alphaTrade.main", "message": "Metrics server listening on :9090"}
{"ts": "2026-05-14 22:51:56,557", "level": "INFO", "module": "alphaTrade.main", "message": "Metrics server listening on :9090"}
{"ts": "2026-05-14 22:51:56,939", "level": "INFO", "module": "alphaTrade.main", "message": "Metrics server listening on :9090"}
{"ts": "2026-05-14 22:51:56,947", "level": "INFO", "module": "alphaTrade.main", "message": "Scheduler running. Intervals: []"}
{"ts": "2026-05-14 22:51:56,950", "level": "INFO", "module": "alphaTrade.main", "message": "Graceful shutdown complete."}
{"ts": "2026-05-14 22:54:03,462", "level": "INFO", "module": "alphaTrade.main", "message": "Metrics server listening on :9090"}
{"ts": "2026-05-14 22:54:03,826", "level": "INFO", "module": "alphaTrade.main", "message": "Metrics server listening on :9090"}
{"ts": "2026-05-14 22:54:04,202", "level": "INFO", "module": "alphaTrade.main", "message": "Metrics server listening on :9090"}
{"ts": "2026-05-14 22:54:04,563", "level": "INFO", "module": "alphaTrade.main", "message": "Metrics server listening on :9090"}
{"ts": "2026-05-14 22:54:04,569", "level": "INFO", "module": "alphaTrade.main", "message": "Scheduler running. Intervals: []"}
{"ts": "2026-05-14 22:54:04,573", "level": "INFO", "module": "alphaTrade.main", "message": "Graceful shutdown complete."}
{"ts": "2026-05-14 23:23:46,457", "level": "INFO", "module": "alphaTrade.main", "message": "Metrics server listening on :9090"}
{"ts": "2026-05-14 23:23:46,840", "level": "INFO", "module": "alphaTrade.main", "message": "Metrics server listening on :9090"}
{"ts": "2026-05-14 23:23:47,174", "level": "INFO", "module": "alphaTrade.main", "message": "Metrics server listening on :9090"}
{"ts": "2026-05-14 23:23:47,528", "level": "INFO", "module": "alphaTrade.main", "message": "Metrics server listening on :9090"}
{"ts": "2026-05-14 23:23:47,534", "level": "INFO", "module": "alphaTrade.main", "message": "Scheduler running. Intervals: []"}
{"ts": "2026-05-14 23:23:47,538", "level": "INFO", "module": "alphaTrade.main", "message": "Graceful shutdown complete."}
{"ts": "2026-05-14 23:25:48,354", "level": "INFO", "module": "alphaTrade.main", "message": "Metrics server listening on :9090"}
{"ts": "2026-05-14 23:25:48,464", "level": "INFO", "module": "alphaTrade.main", "message": "Metrics server listening on :9090"}
{"ts": "2026-05-14 23:25:48,559", "level": "INFO", "module": "alphaTrade.main", "message": "Metrics server listening on :9090"}
{"ts": "2026-05-14 23:25:48,653", "level": "INFO", "module": "alphaTrade.main", "message": "Metrics server listening on :9090"}
{"ts": "2026-05-14 23:25:48,656", "level": "INFO", "module": "alphaTrade.main", "message": "Scheduler running. Intervals: []"}
{"ts": "2026-05-14 23:25:48,657", "level": "INFO", "module": "alphaTrade.main", "message": "Graceful shutdown complete."}
{"ts": "2026-05-14 23:41:00,655", "level": "INFO", "module": "alphaTrade.main", "message": "Metrics server listening on :9090"}
{"ts": "2026-05-14 23:41:00,819", "level": "INFO", "module": "alphaTrade.main", "message": "Metrics server listening on :9090"}
{"ts": "2026-05-14 23:41:00,952", "level": "INFO", "module": "alphaTrade.main", "message": "Metrics server listening on :9090"}
{"ts": "2026-05-14 23:41:01,098", "level": "INFO", "module": "alphaTrade.main", "message": "Metrics server listening on :9090"}
{"ts": "2026-05-14 23:41:01,118", "level": "INFO", "module": "alphaTrade.api.app", "message": "API server listening on :8081"}
{"ts": "2026-05-14 23:41:01,118", "level": "INFO", "module": "alphaTrade.main", "message": "Scheduler running. Intervals: []"}
{"ts": "2026-05-14 23:41:01,120", "level": "INFO", "module": "alphaTrade.main", "message": "Graceful shutdown complete."}
{"ts": "2026-05-14 23:42:01,234", "level": "INFO", "module": "alphaTrade.main", "message": "Metrics server listening on :9090"}
{"ts": "2026-05-14 23:42:01,699", "level": "INFO", "module": "alphaTrade.main", "message": "Metrics server listening on :9090"}
{"ts": "2026-05-14 23:42:02,121", "level": "INFO", "module": "alphaTrade.main", "message": "Metrics server listening on :9090"}
{"ts": "2026-05-14 23:42:02,551", "level": "INFO", "module": "alphaTrade.main", "message": "Metrics server listening on :9090"}
{"ts": "2026-05-14 23:42:02,599", "level": "INFO", "module": "alphaTrade.api.app", "message": "API server listening on :8081"}
{"ts": "2026-05-14 23:42:02,600", "level": "INFO", "module": "alphaTrade.main", "message": "Scheduler running. Intervals: []"}
{"ts": "2026-05-14 23:42:02,603", "level": "INFO", "module": "alphaTrade.main", "message": "Graceful shutdown complete."}
{"ts": "2026-05-14 23:44:21,087", "level": "INFO", "module": "alphaTrade.main", "message": "Metrics server listening on :9090"}
{"ts": "2026-05-14 23:44:21,511", "level": "INFO", "module": "alphaTrade.main", "message": "Metrics server listening on :9090"}
{"ts": "2026-05-14 23:44:21,897", "level": "INFO", "module": "alphaTrade.main", "message": "Metrics server listening on :9090"}
{"ts": "2026-05-14 23:44:22,260", "level": "INFO", "module": "alphaTrade.main", "message": "Metrics server listening on :9090"}
{"ts": "2026-05-14 23:44:22,303", "level": "INFO", "module": "alphaTrade.api.app", "message": "API server listening on :8081"}
{"ts": "2026-05-14 23:44:22,304", "level": "INFO", "module": "alphaTrade.main", "message": "Scheduler running. Intervals: []"}
{"ts": "2026-05-14 23:44:22,306", "level": "INFO", "module": "alphaTrade.main", "message": "Graceful shutdown complete."}
{"ts": "2026-05-14 23:45:39,653", "level": "INFO", "module": "alphaTrade.main", "message": "Metrics server listening on :9090"}
{"ts": "2026-05-14 23:45:40,084", "level": "INFO", "module": "alphaTrade.main", "message": "Metrics server listening on :9090"}
{"ts": "2026-05-14 23:45:40,499", "level": "INFO", "module": "alphaTrade.main", "message": "Metrics server listening on :9090"}
{"ts": "2026-05-14 23:45:40,868", "level": "INFO", "module": "alphaTrade.main", "message": "Metrics server listening on :9090"}
{"ts": "2026-05-14 23:45:40,915", "level": "INFO", "module": "alphaTrade.api.app", "message": "API server listening on :8081"}
{"ts": "2026-05-14 23:45:40,915", "level": "INFO", "module": "alphaTrade.main", "message": "Scheduler running. Intervals: []"}
{"ts": "2026-05-14 23:45:40,918", "level": "INFO", "module": "alphaTrade.main", "message": "Graceful shutdown complete."}
{"ts": "2026-05-14 23:48:25,550", "level": "INFO", "module": "alphaTrade.main", "message": "Metrics server listening on :9090"}
{"ts": "2026-05-14 23:48:25,967", "level": "INFO", "module": "alphaTrade.main", "message": "Metrics server listening on :9090"}
{"ts": "2026-05-14 23:48:26,385", "level": "INFO", "module": "alphaTrade.main", "message": "Metrics server listening on :9090"}
{"ts": "2026-05-14 23:48:26,773", "level": "INFO", "module": "alphaTrade.main", "message": "Metrics server listening on :9090"}
{"ts": "2026-05-14 23:48:26,815", "level": "INFO", "module": "alphaTrade.api.app", "message": "API server listening on :8081"}
{"ts": "2026-05-14 23:48:26,815", "level": "INFO", "module": "alphaTrade.main", "message": "Scheduler running. Intervals: []"}
{"ts": "2026-05-14 23:48:26,819", "level": "INFO", "module": "alphaTrade.main", "message": "Graceful shutdown complete."}
{"ts": "2026-05-14 23:55:53,770", "level": "INFO", "module": "alphaTrade.main", "message": "Metrics server listening on :9090"}
{"ts": "2026-05-14 23:55:53,961", "level": "INFO", "module": "alphaTrade.main", "message": "Metrics server listening on :9090"}
{"ts": "2026-05-14 23:55:54,135", "level": "INFO", "module": "alphaTrade.main", "message": "Metrics server listening on :9090"}
{"ts": "2026-05-14 23:55:54,316", "level": "INFO", "module": "alphaTrade.main", "message": "Metrics server listening on :9090"}
{"ts": "2026-05-14 23:55:54,340", "level": "INFO", "module": "alphaTrade.api.app", "message": "API server listening on :8081"}
{"ts": "2026-05-14 23:55:54,340", "level": "INFO", "module": "alphaTrade.main", "message": "Scheduler running. Intervals: []"}
{"ts": "2026-05-14 23:55:54,342", "level": "INFO", "module": "alphaTrade.main", "message": "Graceful shutdown complete."}
{"ts": "2026-05-15 00:02:07,977", "level": "INFO", "module": "alphaTrade.main", "message": "Metrics server listening on :9090"}
{"ts": "2026-05-15 00:02:08,443", "level": "INFO", "module": "alphaTrade.main", "message": "Metrics server listening on :9090"}
{"ts": "2026-05-15 00:02:08,892", "level": "INFO", "module": "alphaTrade.main", "message": "Metrics server listening on :9090"}
{"ts": "2026-05-15 00:02:09,334", "level": "INFO", "module": "alphaTrade.main", "message": "Metrics server listening on :9090"}
{"ts": "2026-05-15 00:02:09,405", "level": "INFO", "module": "alphaTrade.api.app", "message": "API server listening on :8081"}
{"ts": "2026-05-15 00:02:09,405", "level": "INFO", "module": "alphaTrade.main", "message": "Scheduler running. Intervals: []"}
{"ts": "2026-05-15 00:02:09,409", "level": "INFO", "module": "alphaTrade.main", "message": "Graceful shutdown complete."}
{"ts": "2026-05-15 00:26:13,051", "level": "INFO", "module": "alphaTrade.main", "message": "Metrics server listening on :9090"}
{"ts": "2026-05-15 00:26:13,188", "level": "INFO", "module": "alphaTrade.main", "message": "Metrics server listening on :9090"}
{"ts": "2026-05-15 00:26:13,339", "level": "INFO", "module": "alphaTrade.main", "message": "Metrics server listening on :9090"}
{"ts": "2026-05-15 00:26:13,475", "level": "INFO", "module": "alphaTrade.main", "message": "Metrics server listening on :9090"}
{"ts": "2026-05-15 00:26:13,498", "level": "INFO", "module": "alphaTrade.api.app", "message": "API server listening on :8081"}
{"ts": "2026-05-15 00:26:13,498", "level": "INFO", "module": "alphaTrade.main", "message": "Scheduler running. Intervals: []"}
{"ts": "2026-05-15 00:26:13,499", "level": "INFO", "module": "alphaTrade.main", "message": "Graceful shutdown complete."}
{"ts": "2026-05-15 00:27:20,711", "level": "INFO", "module": "alphaTrade.main", "message": "Metrics server listening on :9090"}
{"ts": "2026-05-15 00:27:20,840", "level": "INFO", "module": "alphaTrade.main", "message": "Metrics server listening on :9090"}
{"ts": "2026-05-15 00:27:20,957", "level": "INFO", "module": "alphaTrade.main", "message": "Metrics server listening on :9090"}
{"ts": "2026-05-15 00:27:21,074", "level": "INFO", "module": "alphaTrade.main", "message": "Metrics server listening on :9090"}
{"ts": "2026-05-15 00:27:21,098", "level": "INFO", "module": "alphaTrade.api.app", "message": "API server listening on :8081"}
{"ts": "2026-05-15 00:27:21,098", "level": "INFO", "module": "alphaTrade.main", "message": "Scheduler running. Intervals: []"}
{"ts": "2026-05-15 00:27:21,100", "level": "INFO", "module": "alphaTrade.main", "message": "Graceful shutdown complete."}
{"ts": "2026-05-15 00:27:52,774", "level": "INFO", "module": "alphaTrade.main", "message": "Metrics server listening on :9090"}
{"ts": "2026-05-15 00:27:52,897", "level": "INFO", "module": "alphaTrade.main", "message": "Metrics server listening on :9090"}
{"ts": "2026-05-15 00:27:53,012", "level": "INFO", "module": "alphaTrade.main", "message": "Metrics server listening on :9090"}
{"ts": "2026-05-15 00:27:53,127", "level": "INFO", "module": "alphaTrade.main", "message": "Metrics server listening on :9090"}
{"ts": "2026-05-15 00:27:53,149", "level": "INFO", "module": "alphaTrade.api.app", "message": "API server listening on :8081"}
{"ts": "2026-05-15 00:27:53,150", "level": "INFO", "module": "alphaTrade.main", "message": "Scheduler running. Intervals: []"}
{"ts": "2026-05-15 00:27:53,151", "level": "INFO", "module": "alphaTrade.main", "message": "Graceful shutdown complete."}
{"ts": "2026-05-15 12:06:10,566", "level": "INFO", "module": "alphaTrade.main", "message": "Metrics server listening on :9090"}
{"ts": "2026-05-15 12:06:10,721", "level": "INFO", "module": "alphaTrade.main", "message": "Metrics server listening on :9090"}
{"ts": "2026-05-15 12:06:10,856", "level": "INFO", "module": "alphaTrade.main", "message": "Metrics server listening on :9090"}
{"ts": "2026-05-15 12:06:10,995", "level": "INFO", "module": "alphaTrade.main", "message": "Metrics server listening on :9090"}
{"ts": "2026-05-15 12:06:11,154", "level": "INFO", "module": "alphaTrade.api.app", "message": "API server listening on :8081"}
{"ts": "2026-05-15 12:06:11,154", "level": "INFO", "module": "alphaTrade.main", "message": "Scheduler running. Intervals: []"}
{"ts": "2026-05-15 12:06:11,158", "level": "INFO", "module": "alphaTrade.main", "message": "Graceful shutdown complete."}
{"ts": "2026-05-15 12:19:18,868", "level": "INFO", "module": "alphaTrade.main", "message": "Metrics server listening on :9090"}
{"ts": "2026-05-15 12:19:19,035", "level": "INFO", "module": "alphaTrade.main", "message": "Metrics server listening on :9090"}
{"ts": "2026-05-15 12:19:19,218", "level": "INFO", "module": "alphaTrade.main", "message": "Metrics server listening on :9090"}
{"ts": "2026-05-15 12:19:19,371", "level": "INFO", "module": "alphaTrade.main", "message": "Metrics server listening on :9090"}
{"ts": "2026-05-15 12:19:19,398", "level": "INFO", "module": "alphaTrade.api.app", "message": "API server listening on :8081"}
{"ts": "2026-05-15 12:19:19,398", "level": "INFO", "module": "alphaTrade.main", "message": "Scheduler running. Intervals: []"}
{"ts": "2026-05-15 12:19:19,409", "level": "INFO", "module": "alphaTrade.main", "message": "Graceful shutdown complete."}
{"ts": "2026-05-20 19:54:46,984", "level": "INFO", "module": "alphaTrade.main", "message": "Trading halted on startup \u2014 call POST /resume to begin trading"}
{"ts": "2026-05-20 19:54:46,985", "level": "INFO", "module": "alphaTrade.main", "message": "Metrics server listening on :9090"}
{"ts": "2026-05-20 19:54:47,241", "level": "INFO", "module": "alphaTrade.main", "message": "Trading halted on startup \u2014 call POST /resume to begin trading"}
{"ts": "2026-05-20 19:54:47,242", "level": "INFO", "module": "alphaTrade.main", "message": "Metrics server listening on :9090"}
{"ts": "2026-05-20 19:54:47,310", "level": "INFO", "module": "alphaTrade.main", "message": "Trading halted on startup \u2014 call POST /resume to begin trading"}
{"ts": "2026-05-20 19:54:47,311", "level": "INFO", "module": "alphaTrade.main", "message": "Metrics server listening on :9090"}
{"ts": "2026-05-20 19:56:58,052", "level": "INFO", "module": "alphaTrade.main", "message": "Trading halted on startup \u2014 call POST /resume to begin trading"}
{"ts": "2026-05-20 19:56:58,053", "level": "INFO", "module": "alphaTrade.main", "message": "Metrics server listening on :9090"}
{"ts": "2026-05-20 19:56:58,055", "level": "INFO", "module": "alembic.runtime.migration", "message": "Context impl SQLiteImpl."}
{"ts": "2026-05-20 19:56:58,055", "level": "INFO", "module": "alembic.runtime.migration", "message": "Will assume non-transactional DDL."}
{"ts": "2026-05-20 19:56:58,062", "level": "INFO", "module": "alembic.runtime.migration", "message": "Running upgrade  -> 0001, initial schema"}
{"ts": "2026-05-20 19:56:58,095", "level": "INFO", "module": "alembic.runtime.migration", "message": "Running upgrade 0001 -> 0002, enhancement tables: trade_journal, pnl_snapshot, model_performance, sector_cache, backtest_run, backtest_trade"}
{"ts": "2026-05-20 19:56:58,145", "level": "INFO", "module": "alembic.runtime.migration", "message": "Running upgrade 0002 -> 0003, bot settings table"}
{"ts": "2026-05-20 19:56:58,152", "level": "INFO", "module": "alembic.runtime.migration", "message": "Running upgrade 0003 -> 0004, Add stop_order_id and limit_order_id to position table for OCO re-attach on restart."}
{"ts": "2026-05-20 19:56:58,160", "level": "INFO", "module": "alembic.runtime.migration", "message": "Running upgrade 0004 -> 0005, Add t212_secret_key to botsettings for Basic Auth support."}
{"ts": "2026-05-20 19:56:58,166", "level": "INFO", "module": "alembic.runtime.migration", "message": "Running upgrade 0005 -> 0006"}
{"ts": "2026-05-20 19:56:58,172", "level": "INFO", "module": "alembic.runtime.migration", "message": "Running upgrade 0006 -> 0007"}
{"ts": "2026-05-20 19:56:58,178", "level": "INFO", "module": "alembic.runtime.migration", "message": "Running upgrade 0007 -> 0008, Replace t212 single key pair with per-account key pairs."}
{"ts": "2026-05-20 19:56:58,205", "level": "INFO", "module": "alembic.runtime.migration", "message": "Running upgrade 0008 -> 0009, Add first_trade_at to modelperformance and retirement fields to botsettings."}
{"ts": "2026-05-20 19:56:58,227", "level": "INFO", "module": "alembic.runtime.migration", "message": "Running upgrade 0009 -> 0010, Add backtestmodelrun table for per-model run tracking."}
{"ts": "2026-05-20 19:56:58,236", "level": "INFO", "module": "alembic.runtime.migration", "message": "Running upgrade 0010 -> 0011, Add safe_mode and dangerously_allow_pyramid to botsettings."}
{"ts": "2026-05-20 19:56:58,245", "level": "INFO", "module": "alembic.runtime.migration", "message": "Running upgrade 0011 -> 0012, Add safe_mode and dangerously_allow_pyramid to model_override."}
{"ts": "2026-05-20 19:56:58,254", "level": "INFO", "module": "alembic.runtime.migration", "message": "Running upgrade 0012 -> 0013, Add retirement and backtest schedule fields to model_override."}
{"ts": "2026-05-20 19:56:58,280", "level": "INFO", "module": "alembic.runtime.migration", "message": "Running upgrade 0013 -> 0014, Add risk sizing, portfolio, ATR, VIX, and backtest fields to botsettings."}
{"ts": "2026-05-20 19:56:58,352", "level": "INFO", "module": "alphaTrade.main", "message": "AsyncBroker drain task started"}
{"ts": "2026-05-20 19:56:58,353", "level": "INFO", "module": "apscheduler.scheduler", "message": "Scheduler started"}
{"ts": "2026-05-20 19:56:58,354", "level": "INFO", "module": "apscheduler.scheduler", "message": "Added job \"BacktestScheduler._add_job.<locals>._job\" to job store \"default\""}
{"ts": "2026-05-20 19:56:58,354", "level": "INFO", "module": "alphaTrade.main", "message": "BacktestScheduler started (enabled=True)"}
{"ts": "2026-05-20 19:56:58,354", "level": "INFO", "module": "alphaTrade.main", "message": "Scheduler running. Active intervals at boot: []. All intervals pre-spawned: ['1m', '5m', '15m', '1h', '1d', '1wk']"}
{"ts": "2026-05-20 19:56:58,355", "level": "INFO", "module": "alphaTrade.main", "message": "AsyncBroker drain task stopped"}
{"ts": "2026-05-20 19:56:58,357", "level": "INFO", "module": "alphaTrade.main", "message": "Graceful shutdown complete."}
{"ts": "2026-05-20 19:56:58,357", "level": "INFO", "module": "apscheduler.scheduler", "message": "Scheduler has been shut down"}
{"ts": "2026-05-20 19:56:58,366", "level": "INFO", "module": "alphaTrade.main", "message": "Trading halted on startup \u2014 call POST /resume to begin trading"}
{"ts": "2026-05-20 19:56:58,366", "level": "INFO", "module": "alphaTrade.main", "message": "Metrics server listening on :9090"}
{"ts": "2026-05-20 19:56:58,368", "level": "INFO", "module": "alphaTrade.main", "message": "AsyncBroker drain task started"}
{"ts": "2026-05-20 19:56:58,371", "level": "INFO", "module": "apscheduler.scheduler", "message": "Scheduler started"}
{"ts": "2026-05-20 19:56:58,371", "level": "INFO", "module": "apscheduler.scheduler", "message": "Added job \"BacktestScheduler._add_job.<locals>._job\" to job store \"default\""}
{"ts": "2026-05-20 19:56:58,371", "level": "INFO", "module": "alphaTrade.main", "message": "BacktestScheduler started (enabled=True)"}
{"ts": "2026-05-20 19:56:58,372", "level": "INFO", "module": "alphaTrade.main", "message": "Scheduler running. Active intervals at boot: []. All intervals pre-spawned: ['1m', '5m', '15m', '1h', '1d', '1wk']"}
{"ts": "2026-05-20 19:56:58,372", "level": "INFO", "module": "alphaTrade.main", "message": "AsyncBroker drain task stopped"}
{"ts": "2026-05-20 19:56:58,373", "level": "INFO", "module": "alphaTrade.main", "message": "Graceful shutdown complete."}
{"ts": "2026-05-20 19:56:58,373", "level": "INFO", "module": "apscheduler.scheduler", "message": "Scheduler has been shut down"}
{"ts": "2026-05-20 19:56:58,383", "level": "INFO", "module": "alphaTrade.main", "message": "Trading halted on startup \u2014 call POST /resume to begin trading"}
{"ts": "2026-05-20 19:56:58,384", "level": "INFO", "module": "alphaTrade.main", "message": "Metrics server listening on :9090"}
{"ts": "2026-05-20 19:56:58,387", "level": "INFO", "module": "alphaTrade.main", "message": "AsyncBroker drain task started"}
{"ts": "2026-05-20 19:56:58,388", "level": "INFO", "module": "apscheduler.scheduler", "message": "Scheduler started"}
{"ts": "2026-05-20 19:56:58,388", "level": "INFO", "module": "apscheduler.scheduler", "message": "Added job \"BacktestScheduler._add_job.<locals>._job\" to job store \"default\""}
{"ts": "2026-05-20 19:56:58,388", "level": "INFO", "module": "alphaTrade.main", "message": "BacktestScheduler started (enabled=True)"}
{"ts": "2026-05-20 19:56:58,389", "level": "INFO", "module": "alphaTrade.main", "message": "Scheduler running. Active intervals at boot: []. All intervals pre-spawned: ['1m', '5m', '15m', '1h', '1d', '1wk']"}
{"ts": "2026-05-20 19:56:58,389", "level": "INFO", "module": "alphaTrade.main", "message": "AsyncBroker drain task stopped"}
{"ts": "2026-05-20 19:56:58,390", "level": "INFO", "module": "alphaTrade.main", "message": "Graceful shutdown complete."}
{"ts": "2026-05-20 19:56:58,394", "level": "INFO", "module": "alphaTrade.main", "message": "Trading halted on startup \u2014 call POST /resume to begin trading"}
{"ts": "2026-05-20 19:56:58,395", "level": "INFO", "module": "alphaTrade.main", "message": "Metrics server listening on :9090"}
{"ts": "2026-05-20 19:56:58,395", "level": "INFO", "module": "apscheduler.scheduler", "message": "Scheduler has been shut down"}
{"ts": "2026-05-20 19:56:58,397", "level": "INFO", "module": "alphaTrade.main", "message": "AsyncBroker drain task started"}
{"ts": "2026-05-20 19:56:58,398", "level": "INFO", "module": "apscheduler.scheduler", "message": "Scheduler started"}
{"ts": "2026-05-20 19:56:58,399", "level": "INFO", "module": "apscheduler.scheduler", "message": "Added job \"BacktestScheduler._add_job.<locals>._job\" to job store \"default\""}
{"ts": "2026-05-20 19:56:58,399", "level": "INFO", "module": "alphaTrade.main", "message": "BacktestScheduler started (enabled=True)"}
{"ts": "2026-05-20 19:56:58,399", "level": "INFO", "module": "alphaTrade.main", "message": "Scheduler running. Active intervals at boot: []. All intervals pre-spawned: ['1m', '5m', '15m', '1h', '1d', '1wk']"}
{"ts": "2026-05-20 19:56:58,400", "level": "INFO", "module": "alphaTrade.main", "message": "AsyncBroker drain task stopped"}
{"ts": "2026-05-20 19:56:58,400", "level": "INFO", "module": "alphaTrade.main", "message": "Graceful shutdown complete."}
{"ts": "2026-05-20 19:56:58,401", "level": "INFO", "module": "apscheduler.scheduler", "message": "Scheduler has been shut down"}
{"ts": "2026-05-21 23:07:37,506", "level": "INFO", "module": "alphaTrade.main", "message": "Trading halted on startup \u2014 call POST /resume to begin trading"}
{"ts": "2026-05-21 23:07:37,506", "level": "INFO", "module": "alphaTrade.main", "message": "Metrics server listening on :9090"}
{"ts": "2026-05-21 23:07:37,721", "level": "INFO", "module": "alphaTrade.main", "message": "Trading halted on startup \u2014 call POST /resume to begin trading"}
{"ts": "2026-05-21 23:07:37,722", "level": "INFO", "module": "alphaTrade.main", "message": "Metrics server listening on :9090"}
{"ts": "2026-05-21 23:07:37,781", "level": "INFO", "module": "alphaTrade.main", "message": "Trading halted on startup \u2014 call POST /resume to begin trading"}
{"ts": "2026-05-21 23:07:37,781", "level": "INFO", "module": "alphaTrade.main", "message": "Metrics server listening on :9090"}
{"ts": "2026-05-21 23:14:22,179", "level": "INFO", "module": "alphaTrade.main", "message": "Trading halted on startup \u2014 call POST /resume to begin trading"}
{"ts": "2026-05-21 23:14:22,180", "level": "INFO", "module": "alphaTrade.main", "message": "Metrics server listening on :9090"}
{"ts": "2026-05-21 23:14:22,419", "level": "INFO", "module": "alphaTrade.main", "message": "Trading halted on startup \u2014 call POST /resume to begin trading"}
{"ts": "2026-05-21 23:14:22,419", "level": "INFO", "module": "alphaTrade.main", "message": "Metrics server listening on :9090"}
{"ts": "2026-05-21 23:14:22,479", "level": "INFO", "module": "alphaTrade.main", "message": "Trading halted on startup \u2014 call POST /resume to begin trading"}
{"ts": "2026-05-21 23:14:22,480", "level": "INFO", "module": "alphaTrade.main", "message": "Metrics server listening on :9090"}
{"ts": "2026-05-21 23:59:12,506", "level": "INFO", "module": "alphaTrade.main", "message": "Trading halted on startup \u2014 call POST /resume to begin trading"}
{"ts": "2026-05-21 23:59:12,507", "level": "INFO", "module": "alphaTrade.main", "message": "Metrics server listening on :9090"}
{"ts": "2026-05-21 23:59:12,713", "level": "INFO", "module": "alphaTrade.main", "message": "Trading halted on startup \u2014 call POST /resume to begin trading"}
{"ts": "2026-05-21 23:59:12,714", "level": "INFO", "module": "alphaTrade.main", "message": "Metrics server listening on :9090"}
{"ts": "2026-05-21 23:59:12,769", "level": "INFO", "module": "alphaTrade.main", "message": "Trading halted on startup \u2014 call POST /resume to begin trading"}
{"ts": "2026-05-21 23:59:12,769", "level": "INFO", "module": "alphaTrade.main", "message": "Metrics server listening on :9090"}
{"ts": "2026-05-22 00:33:11,333", "level": "INFO", "module": "alphaTrade.main", "message": "Trading halted on startup \u2014 call POST /resume to begin trading"}
{"ts": "2026-05-22 00:33:11,333", "level": "INFO", "module": "alphaTrade.main", "message": "Metrics server listening on :9090"}
{"ts": "2026-05-22 00:33:11,569", "level": "INFO", "module": "alphaTrade.main", "message": "Trading halted on startup \u2014 call POST /resume to begin trading"}
{"ts": "2026-05-22 00:33:11,570", "level": "INFO", "module": "alphaTrade.main", "message": "Metrics server listening on :9090"}
{"ts": "2026-05-22 00:33:11,638", "level": "INFO", "module": "alphaTrade.main", "message": "Trading halted on startup \u2014 call POST /resume to begin trading"}
{"ts": "2026-05-22 00:33:11,639", "level": "INFO", "module": "alphaTrade.main", "message": "Metrics server listening on :9090"}
{"ts": "2026-05-22 00:34:39,314", "level": "INFO", "module": "alphaTrade.main", "message": "Trading halted on startup \u2014 call POST /resume to begin trading"}
{"ts": "2026-05-22 00:34:39,314", "level": "INFO", "module": "alphaTrade.main", "message": "Metrics server listening on :9090"}
{"ts": "2026-05-22 00:34:39,543", "level": "INFO", "module": "alphaTrade.main", "message": "Trading halted on startup \u2014 call POST /resume to begin trading"}
{"ts": "2026-05-22 00:34:39,543", "level": "INFO", "module": "alphaTrade.main", "message": "Metrics server listening on :9090"}
{"ts": "2026-05-22 00:34:39,609", "level": "INFO", "module": "alphaTrade.main", "message": "Trading halted on startup \u2014 call POST /resume to begin trading"}
{"ts": "2026-05-22 00:34:39,610", "level": "INFO", "module": "alphaTrade.main", "message": "Metrics server listening on :9090"}
{"ts": "2026-05-22 00:43:10,659", "level": "INFO", "module": "alphaTrade.main", "message": "Trading halted on startup \u2014 call POST /resume to begin trading"}
{"ts": "2026-05-22 00:43:10,659", "level": "INFO", "module": "alphaTrade.main", "message": "Metrics server listening on :9090"}
{"ts": "2026-05-22 00:43:10,892", "level": "INFO", "module": "alphaTrade.main", "message": "Trading halted on startup \u2014 call POST /resume to begin trading"}
{"ts": "2026-05-22 00:43:10,892", "level": "INFO", "module": "alphaTrade.main", "message": "Metrics server listening on :9090"}
{"ts": "2026-05-22 00:43:10,954", "level": "INFO", "module": "alphaTrade.main", "message": "Trading halted on startup \u2014 call POST /resume to begin trading"}
{"ts": "2026-05-22 00:43:10,954", "level": "INFO", "module": "alphaTrade.main", "message": "Metrics server listening on :9090"}
{"ts": "2026-05-22 00:55:23,370", "level": "INFO", "module": "alphaTrade.main", "message": "Trading halted on startup \u2014 call POST /resume to begin trading"}
{"ts": "2026-05-22 00:55:23,371", "level": "INFO", "module": "alphaTrade.main", "message": "Metrics server listening on :9090"}
{"ts": "2026-05-22 00:55:23,429", "level": "INFO", "module": "alphaTrade.main", "message": "Trading halted on startup \u2014 call POST /resume to begin trading"}
{"ts": "2026-05-22 00:55:23,429", "level": "INFO", "module": "alphaTrade.main", "message": "Metrics server listening on :9090"}
{"ts": "2026-05-22 00:55:23,487", "level": "INFO", "module": "alphaTrade.main", "message": "Trading halted on startup \u2014 call POST /resume to begin trading"}
{"ts": "2026-05-22 00:55:23,487", "level": "INFO", "module": "alphaTrade.main", "message": "Metrics server listening on :9090"}
